===== V10 周更开始 2026-08-31 09:00:07 =====

[1/5] 拉取最新数据（fetch_data.py，P75 + 算法分门槛 Top 50）
[2026-08-31 09:00:07] 统计窗口：20260803 → 20260830
[2026-08-31 09:00:07] 算法分窗口：20260823 → 20260830
[2026-08-31 09:00:07] 发布时间窗口：≥ 2026-08-16
[2026-08-31 09:00:07] 提交 P75 SQL...
[2026-08-31 09:00:09] P75 msgId: 26ef1dca-5828-4a23-9d16-06de67238f25
[2026-08-31 09:00:09] 提交 Top 案例 V3 SQL（算法分门槛 + Top 50）...
[2026-08-31 09:00:11] Top 案例 msgId: 8d51dbe8-d67b-45ed-a7cf-f3a6f214998c
[2026-08-31 09:00:11] 等待 P75 SQL 完成...
[2026-08-31 09:00:12]   ... 等待 P75 state=RUNNING msgId=26ef1dca-5
[2026-08-31 09:00:43]   ... 等待 P75 state=RUNNING msgId=26ef1dca-5
[2026-08-31 09:01:13]   ... 等待 P75 state=RUNNING msgId=26ef1dca-5
[2026-08-31 09:01:44]   ... 等待 P75 state=RUNNING msgId=26ef1dca-5
[2026-08-31 09:02:15]   ... 等待 P75 state=RUNNING msgId=26ef1dca-5
[2026-08-31 09:02:45]   ... 等待 P75 state=RUNNING msgId=26ef1dca-5
[2026-08-31 09:03:16]   ... 等待 P75 state=RUNNING msgId=26ef1dca-5
[2026-08-31 09:03:46]   ... 等待 P75 state=RUNNING msgId=26ef1dca-5
[2026-08-31 09:04:17]   ... 等待 P75 state=RUNNING msgId=26ef1dca-5
[2026-08-31 09:04:48]   ... 等待 P75 state=RUNNING msgId=26ef1dca-5
===== V10 周更开始 2026-08-31 09:05:16 =====

[1/5] 拉取最新数据（fetch_data.py，P75 + 算法分门槛 Top 50）
[2026-08-31 09:05:16] 统计窗口：20260803 → 20260830
[2026-08-31 09:05:16] 算法分窗口：20260823 → 20260830
[2026-08-31 09:05:16] 发布时间窗口：≥ 2026-08-16
[2026-08-31 09:05:16] 提交 P75 SQL...
[2026-08-31 09:05:18] P75 msgId: e44379e2-a07c-474a-b283-569503d1365e
[2026-08-31 09:05:18] 提交 Top 案例 V3 SQL（算法分门槛 + Top 50）...
[2026-08-31 09:05:20] Top 案例 msgId: d3142c2c-3b32-4cb2-abf7-700d5fcc0517
[2026-08-31 09:05:20] 等待 P75 SQL 完成...
[2026-08-31 09:05:20]   ... 等待 P75 state=DRAFT msgId=e44379e2-a
[2026-08-31 09:05:51]   ... 等待 P75 state=RUNNING msgId=e44379e2-a
[2026-08-31 09:06:21]   ... 等待 P75 state=RUNNING msgId=e44379e2-a
[2026-08-31 09:06:52]   ... 等待 P75 state=RUNNING msgId=e44379e2-a
[2026-08-31 09:07:22]   ... 等待 P75 state=RUNNING msgId=e44379e2-a
[2026-08-31 09:07:53]   ... 等待 P75 state=RUNNING msgId=e44379e2-a
[2026-08-31 09:08:24]   ... 等待 P75 state=RUNNING msgId=e44379e2-a
[2026-08-31 09:08:54]   ... 等待 P75 state=RUNNING msgId=e44379e2-a
[2026-08-31 09:09:25]   ... 等待 P75 state=RUNNING msgId=e44379e2-a
[2026-08-31 09:09:55]   ... 等待 P75 state=RUNNING msgId=e44379e2-a
[2026-08-31 09:10:26]   ... 等待 P75 state=RUNNING msgId=e44379e2-a
[2026-08-31 09:10:57]   ... 等待 P75 state=RUNNING msgId=e44379e2-a
[2026-08-31 09:11:27]   ... 等待 P75 state=RUNNING msgId=e44379e2-a
[2026-08-31 09:11:58]   ... 等待 P75 state=RUNNING msgId=e44379e2-a
[2026-08-31 09:12:28]   ... 等待 P75 state=RUNNING msgId=e44379e2-a
[2026-08-31 09:12:59]   ... 等待 P75 state=RUNNING msgId=e44379e2-a
[2026-08-31 09:13:30] P75 结果 3856 字节
[2026-08-31 09:13:30] 等待 Top 案例 SQL 完成...
[2026-08-31 09:13:31]   ... 等待 TopCases state=RUNNING msgId=d3142c2c-3
[2026-08-31 09:14:01]   ... 等待 TopCases state=RUNNING msgId=d3142c2c-3
[2026-08-31 09:14:32]   ... 等待 TopCases state=RUNNING msgId=d3142c2c-3
[2026-08-31 09:15:03]   ... 等待 TopCases state=RUNNING msgId=d3142c2c-3
[2026-08-31 09:15:33]   ... 等待 TopCases state=RUNNING msgId=d3142c2c-3
[2026-08-31 09:16:04]   ... 等待 TopCases state=RUNNING msgId=d3142c2c-3
[2026-08-31 09:16:34]   ... 等待 TopCases state=RUNNING msgId=d3142c2c-3
[2026-08-31 09:17:05]   ... 等待 TopCases state=RUNNING msgId=d3142c2c-3
[2026-08-31 09:17:35]   ... 等待 TopCases state=RUNNING msgId=d3142c2c-3
[2026-08-31 09:18:06]   ... 等待 TopCases state=RUNNING msgId=d3142c2c-3
[2026-08-31 09:18:37]   ... 等待 TopCases state=RUNNING msgId=d3142c2c-3
[2026-08-31 09:19:07]   ... 等待 TopCases state=RUNNING msgId=d3142c2c-3
[2026-08-31 09:19:38]   ... 等待 TopCases state=RUNNING msgId=d3142c2c-3
[2026-08-31 09:20:08]   ... 等待 TopCases state=RUNNING msgId=d3142c2c-3
[2026-08-31 09:20:39]   ... 等待 TopCases state=RUNNING msgId=d3142c2c-3
[2026-08-31 09:21:10]   ... 等待 TopCases state=RUNNING msgId=d3142c2c-3
[2026-08-31 09:21:40]   ... 等待 TopCases state=RUNNING msgId=d3142c2c-3
[2026-08-31 09:22:11]   ... 等待 TopCases state=RUNNING msgId=d3142c2c-3
[2026-08-31 09:22:41]   ... 等待 TopCases state=RUNNING msgId=d3142c2c-3
[2026-08-31 09:23:12]   ... 等待 TopCases state=RUNNING msgId=d3142c2c-3
[2026-08-31 09:23:43]   ... 等待 TopCases state=RUNNING msgId=d3142c2c-3
[2026-08-31 09:24:13]   ... 等待 TopCases state=RUNNING msgId=d3142c2c-3
[2026-08-31 09:24:44]   ... 等待 TopCases state=RUNNING msgId=d3142c2c-3
[2026-08-31 09:25:14]   ... 等待 TopCases state=RUNNING msgId=d3142c2c-3
[2026-08-31 09:25:45]   ... 等待 TopCases state=RUNNING msgId=d3142c2c-3
[2026-08-31 09:26:16]   ... 等待 TopCases state=RUNNING msgId=d3142c2c-3
[2026-08-31 09:26:46]   ... 等待 TopCases state=RUNNING msgId=d3142c2c-3
[2026-08-31 09:27:17]   ... 等待 TopCases state=RUNNING msgId=d3142c2c-3
[2026-08-31 09:27:47]   ... 等待 TopCases state=RUNNING msgId=d3142c2c-3
[2026-08-31 09:28:18]   ... 等待 TopCases state=RUNNING msgId=d3142c2c-3
[2026-08-31 09:28:49]   ... 等待 TopCases state=RUNNING msgId=d3142c2c-3
[2026-08-31 09:29:20] Top 案例结果 182778 字节
[2026-08-31 09:29:20] P75 行数：12
[2026-08-31 09:29:20] Top 案例行数：400
[2026-08-31 09:29:20] P75 解析完成
[2026-08-31 09:29:20]   CTR1: 图文 50 条 / 视频 50 条
[2026-08-31 09:29:20]   CTR2: 图文 50 条 / 视频 50 条
[2026-08-31 09:29:20]   CVR: 图文 50 条 / 视频 50 条
[2026-08-31 09:29:20]   PRICE: 图文 50 条 / 视频 50 条
[2026-08-31 09:29:20] data.json 写出完成：273804 字节
[2026-08-31 09:29:20] 休食 图文 CTR1 P75 = 9.8%
[2026-08-31 09:29:20] Top 案例总条数 = 400
[2026-08-31 09:29:20] DONE
  ✅ data.json 已刷新到 20260830（age=1d）

[2/5] 生成品类风向文案（gen_cat_trends.py）
[gen_cat_trends] 开始生成 CAT_TRENDS，数据源：/home/node/.openclaw/workspace/xushi-trends-cron/work/data.json
品类归拢结果：
  零食: 63 条案例
  饮品: 74 条案例
  滋补: 17 条案例
  酒类: 11 条案例
  速食: 5 条案例
  速食: 标题公式使用兜底（样本5条不足）
  酒类: 标题公式使用兜底（样本11条不足）
  滋补: 标题公式使用兜底（样本17条不足）
[gen_cat_trends] 写出：/home/node/.openclaw/workspace/xushi-trends-cron/work/cat_trends_generated.js (7840 bytes)
[gen_cat_trends] 品类数：5
  零食: 63条案例，真实提炼
  速食: 5条案例，真实提炼
  饮品: 74条案例，真实提炼
  酒类: 11条案例，真实提炼
  滋补: 17条案例，真实提炼

--- CAT_TRENDS 预览 ---

【零食】（63条样本，20260803 ~ 20260830）
  方向1：真正好的竹荪，煮久了依然是脆的」引发点击
  方向2：再冷漠的人吃到这个都会笑吧……😅」引发点击
  方向3：问句结构，激发好奇心点击
  公式1：「一个干面饼有多大碗面？张荣记全蛋面为例✨...」问句探索式
  公式2：「5分钟搞定‼️软乎乎早餐小饼🥞营养又好吃...」场景绑定式
  公式3：「一年只出现50天的月饼，又开始做了🥮...」数字量化式
  代表案例：全网最丑的月饼，被人追着买了3年  (了不起的匠人的店)

【速食】（5条样本，20260803 ~ 20260830）
  方向1：鹰嘴豆皮，十分钟变大厨，火锅局就靠它」引发点击
  方向2：开学宿舍封神！8分钟嗦上地道柳州螺蛳粉」引发点击
  方向3：自律期黑芝麻燕麦碗，低卡好吃！头发党喜欢」引发点击
  公式1：「X 分钟搞定一顿饭」效率式
  公式2：「一个人也要好好吃饭」情感式
  公式3：「比外卖好吃还便宜」对比式
  代表案例：自律期黑芝麻燕麦碗，低卡好吃！头发党喜欢👍  (植与山山旗舰店)

【饮品】（74条样本，20260803 ~ 20260830）
  方向1：幸运的蜂蜜小熊白茶很开心能被大家看见」引发点击
  方向2：新品真是very good 」引发点击
  方向3：新羊毛已更新」引发点击
  公式1：「老红糖搭着早餐喝～肚肚好暖和，早8必备！...」场景绑定式
  公式2：「没想到吧，这1盒装了7大块水仙茶...」反差对比式
  公式3：「第1次感受到产后一碗暖姜茶的威力......」数字量化式
  代表案例：阳春三月回归，谢谢白海豚  (利佰年老茶馆的店)

【酒类】（11条样本，20260803 ~ 20260830）
  方向1：临期福利：9.97⚪/袋 广州酒家鲜汁大」引发点击
  方向2：以前69舍不得买，现在25元随便喝」引发点击
  方向3：可能是梅子酒届最伟大的单品出现了」引发点击
  公式1：「XX 场合必备的 XX」场景强绑定式
  公式2：「第一次喝酒就选 XX」破圈式
  公式3：「不懂酒也能喝对的 XX」降门槛式
  代表案例：开瓶能喝3周！颠覆认知的高级莫斯卡托甜白！  (HolidayWine假日酒馆的店)

【滋补】（17条样本，20260803 ~ 20260830）
  方向1：不是所有人都喜欢！看完再下单」引发点击
  方向2：酸酸甜甜的蓝靛莓换蜂蜜啦」引发点击
  方向3：新疆日晒杏皮子，建议简单冲一下再吃😘」引发点击
  公式1：「坚持 XX 天的变化」时间线式
  公式2：「XX 岁开始养 XX」年龄段切入式
  公式3：「熬夜必备的 XX」人群精准式
  代表案例：新疆卖蜂蜜真难！被顾客威胁起诉！  (新疆尼勒克黑蜂蜂蜜的店)
  ✅ cat_trends_generated.js 已更新

[3/5] 生成 index.html（build_v10.py）
=== 先跑 build_v9.py 生成基础 HTML ===
✅ 替换 CTR1_METHODS_T（8169 chars）
✅ 替换 CTR1_METHODS_V（10066 chars）
✅ 替换 CTR2_METHODS_T（9646 chars）
✅ 替换 CTR2_METHODS_V（10331 chars）
✅ 替换 CVR_METHODS_T（9738 chars）
✅ 替换 CVR_METHODS_V（8544 chars）
✅ 替换 PRICE_METHODS_T（8213 chars）
✅ 替换 PRICE_METHODS_V（8209 chars）
✅ 重写 Tab 标题:  '👆', '提升 CTR1：封面+标题钩子...
✅ 重写 Tab 标题:  '🔗', '提升 CTR2：商品卡点击'...
✅ 重写 Tab 标题:  '💰', '提升 CVR：转化下单'...
✅ 重写 Tab 标题: ,'💎', '提升件单价：客单优化'...
index.html written: 259,696 bytes
<style> 平衡：2/2
tab-panel 数量：8（预期 8）
panel ids: ['gpm', 'ctr1', 'ctr2', 'cvr', 'price', 'cat', 'audit', 'tools']
[V8e] 注入卖点助手 JS
[V8e] JS injected, new size: 213430
[V8f] header 时间窗动态化
[V8f] header → W35 · 08.03 - 08.30

=== V9 build 自检 ===
tab-panel 数量：8（预期 8）
V9 method-card 数量：40（预期 40，8 池 × 5 方法）
two-weapons-banner 数量：5（预期 4）
未替换的 V9 placeholder：0（预期 0）

✅ V9 build 完成，写入 /home/node/.openclaw/workspace/xushi-trends-cron/work/index.html (222,290 chars)

✅ getFormData 函数已补注入（V8/V9 丢失兜底）
✅ CAT_TRENDS 已从 cat_trends_generated.js 注入（自动生成，5098 字符）
✅ TITLE_FORMULAS 已从 backup 补注入（1074 字符）
✅ ctr1 Tab 注入 V10 section（hero 后）
✅ ctr2 Tab 注入 V10 section（hero 后）
✅ cvr Tab 注入 V10 section（hero 后）
✅ price Tab 注入 V10 section（hero 后）
✅ ctr1 Tab V9 老内容已折叠
✅ ctr2 Tab V9 老内容已折叠
✅ cvr Tab V9 老内容已折叠
✅ price Tab V9 老内容已折叠
✅ Tab1 行业 KPI 8 卡片合并为对照表
✅ Tab1 sticky 锚目录已添加
✅ 区块 anchor id 已添加（公式/行业参考/自查）
✅ 卖点助手 prompt 已替换为 V10 版本
✅ 业务术语已加 hover tooltip

=== V10 build 自检 ===
tab-panel 数量：7 + active=0
V10 section 数量：5（预期 4）
V10 high card 数量：15
V10 low card 数量：13
V10 mechanism 数量：5（预期 4）

✅ V10 build 完成，写入 /home/node/.openclaw/workspace/xushi-trends-cron/work/index.html (285,766 chars)
  自检关键函数...
    ✅ getFormData
    ✅ CAT_TRENDS
    ✅ buildPrompt
    ✅ TITLE_FORMULAS

[4/5] 配色周轮换
  第 36 周，主题色 #2563eb
  ℹ️ 未找到 --theme-color 变量，跳过配色轮换

[5/5] git push
[main 0bd5776] V10 周更 2026-08-31（主题色 #2563eb，第 36 周）
 7 files changed, 9613 insertions(+), 9375 deletions(-)
 create mode 100644 refresh_v10_20260831.log
To github.com:zhudamen528-code/xushi-trends.git
   0d0593e..0bd5776  main -> main
  ✅ push 完成

===== V10 周更完成 2026-08-31 09:29:25 =====
  线上：https://zhudamen528-code.github.io/xushi-trends/
