===== V9 周更开始 2026年 06月 16日 星期二 14:28:13 CST =====
[1] 检查 V9 数据完整性
  ✅ 8 池 V9 数据完整
[2] build V9 HTML
<style> 平衡：2/2
tab-panel 数量：8（预期 8）
panel ids: ['gpm', 'ctr1', 'ctr2', 'cvr', 'price', 'cat', 'audit', 'tools']
[V8e] 注入卖点助手 JS
[V8e] JS injected, new size: 212925
[V8f] header 时间窗动态化
[V8f] header → W24 · 05.27 - 06.09

=== V9 build 自检 ===
tab-panel 数量：8（预期 8）
V9 method-card 数量：40（预期 40，8 池 × 5 方法）
two-weapons-banner 数量：5（预期 4）
未替换的 V9 placeholder：0（预期 0）

✅ V9 build 完成，写入 /home/node/.openclaw/workspace/xushi-trends-cron/work/index.html (220,852 chars)
[3] git push
位于分支 main
您的分支与上游分支 'origin/main' 一致。

尚未暂存以备提交的变更：
  （使用 "git add <文件>..." 更新要提交的内容）
  （使用 "git restore <文件>..." 丢弃工作区的改动）
	修改：     refresh_v8_20260615.log

未跟踪的文件:
  （使用 "git add <文件>..." 以包含要提交的内容）
	ALGO_FIELD_EXPLAINER.md
	ALGO_FIELD_EXPLAINER.redoc.md
	V9_METHODOLOGY_REVIEW.md
	V9_METHODOLOGY_REVIEW.redoc.md
	V9_METHODOLOGY_REVIEW_V2.md
	V9_METHODOLOGY_REVIEW_V2.redoc.md
	build_v9.py
	cluster_task_template.md
	data/goods_map.json
	data/step_a_meta.json
	data/step_a_raw.json
	data/step_b2_raw.json
	data/step_b_all_msgs.txt
	data/step_b_full_in.txt
	data/step_b_goods_in.txt
	data/step_b_in_0.txt
	data/step_b_in_1.txt
	data/step_b_in_2.txt
	data/step_b_in_3.txt
	data/step_b_in_clauses.json
	data/step_b_msgs.txt
	data/step_b_msgs_p2.txt
	data/step_b_note_ids.txt
	data/step_b_results/
	data/v9_clusters_v3/
	data/v9_pool_merged.csv
	data/v9_pool_step_a.csv
	data/v9_pools_v2/
	data/v9_pools_v3/
	gen_algo_field_explainer.py
	gen_v9_review_doc.py
	gen_v9_review_doc_v2.py
	index_v8g_backup.html
	refresh_v9_20260616.log
	v9_cluster_prompt_template.txt
	v9_pool_master_v2.sql
	v9_pool_master_v2_full.sql
	v9_pool_master_v3.sql
	v9_split_pools_v2.py
	v9_split_pools_v3.py
	v9_step_a.sql
	v9_step_b.sql
	v9_step_b2.sql
	v9_step_b_template.sql
	weekly_refresh_v9.sh

修改尚未加入提交（使用 "git add" 和/或 "git commit -a"）
  no changes
Everything up-to-date

===== V9 周更摘要 2026年 06月 16日 星期二 14:28:18 CST =====
✅ commit: 8fb9990
✅ index.html: 283008 bytes
✅ V9 方法卡: 40 / 40
✅ 看板地址: https://zhudamen528-code.github.io/xushi-trends/
===== 完成 =====
