===== V10 周更开始 2026-07-13 09:00:09 =====

[1/5] 拉取最新数据（fetch_data.py，P75 + 算法分门槛 Top 50）
[2026-07-13 09:00:09] 统计窗口：20260615 → 20260712
[2026-07-13 09:00:09] 算法分窗口：20260705 → 20260712
[2026-07-13 09:00:09] 发布时间窗口：≥ 2026-06-28
[2026-07-13 09:00:09] 提交 P75 SQL...
[2026-07-13 09:00:11] P75 msgId: 5542b4d2-9ebc-4918-8f8d-f9d0c8c81fa6
[2026-07-13 09:00:11] 提交 Top 案例 V3 SQL（算法分门槛 + Top 50）...
[2026-07-13 09:00:13] Top 案例 msgId: e3e24d29-3093-4514-9b07-ae0db98ff8ae
[2026-07-13 09:00:13] 等待 P75 SQL 完成...
[2026-07-13 09:00:13]   ... 等待 P75 state=RUNNING msgId=5542b4d2-9
[2026-07-13 09:00:44]   ... 等待 P75 state=RUNNING msgId=5542b4d2-9
[2026-07-13 09:01:14]   ... 等待 P75 state=RUNNING msgId=5542b4d2-9
[2026-07-13 09:01:45]   ... 等待 P75 state=RUNNING msgId=5542b4d2-9
[2026-07-13 09:02:15]   ... 等待 P75 state=RUNNING msgId=5542b4d2-9
[2026-07-13 09:02:46]   ... 等待 P75 state=RUNNING msgId=5542b4d2-9
===== V10 周更开始 2026-07-13 09:03:20 =====

[1/5] 拉取最新数据（fetch_data.py，P75 + 算法分门槛 Top 50）
[2026-07-13 09:03:20] 统计窗口：20260615 → 20260712
[2026-07-13 09:03:20] 算法分窗口：20260705 → 20260712
[2026-07-13 09:03:20] 发布时间窗口：≥ 2026-06-28
[2026-07-13 09:03:20] 提交 P75 SQL...
[2026-07-13 09:03:22] P75 msgId: 63699e3a-300b-4ed7-8a7d-afc941a05745
[2026-07-13 09:03:22] 提交 Top 案例 V3 SQL（算法分门槛 + Top 50）...
[2026-07-13 09:03:24] Top 案例 msgId: b498c686-1b38-4363-af35-8aa3841b8bec
[2026-07-13 09:03:24] 等待 P75 SQL 完成...
[2026-07-13 09:03:25]   ... 等待 P75 state=RUNNING msgId=63699e3a-3
[2026-07-13 09:03:55]   ... 等待 P75 state=RUNNING msgId=63699e3a-3
[2026-07-13 09:04:26]   ... 等待 P75 state=RUNNING msgId=63699e3a-3
[2026-07-13 09:04:57]   ... 等待 P75 state=RUNNING msgId=63699e3a-3
[2026-07-13 09:05:27]   ... 等待 P75 state=RUNNING msgId=63699e3a-3
[2026-07-13 09:05:58]   ... 等待 P75 state=RUNNING msgId=63699e3a-3
[2026-07-13 09:06:28]   ... 等待 P75 state=RUNNING msgId=63699e3a-3
[2026-07-13 09:06:59]   ... 等待 P75 state=RUNNING msgId=63699e3a-3
[2026-07-13 09:07:30]   ... 等待 P75 state=RUNNING msgId=63699e3a-3
[2026-07-13 09:08:00]   ... 等待 P75 state=RUNNING msgId=63699e3a-3
[2026-07-13 09:08:31]   ... 等待 P75 state=RUNNING msgId=63699e3a-3
[2026-07-13 09:09:01]   ... 等待 P75 state=RUNNING msgId=63699e3a-3
[2026-07-13 09:09:32]   ... 等待 P75 state=RUNNING msgId=63699e3a-3
[2026-07-13 09:10:03]   ... 等待 P75 state=RUNNING msgId=63699e3a-3
[2026-07-13 09:10:33]   ... 等待 P75 state=RUNNING msgId=63699e3a-3
[2026-07-13 09:11:04]   ... 等待 P75 state=RUNNING msgId=63699e3a-3
[2026-07-13 09:11:34]   ... 等待 P75 state=RUNNING msgId=63699e3a-3
[2026-07-13 09:12:05]   ... 等待 P75 state=RUNNING msgId=63699e3a-3
[2026-07-13 09:12:36]   ... 等待 P75 state=RUNNING msgId=63699e3a-3
[2026-07-13 09:13:06]   ... 等待 P75 state=RUNNING msgId=63699e3a-3
