===== V10 周更开始 2026年 06月 16日 星期二 22:05:05 CST =====
[1] 当前 MVP：复用 data/v10_clusters/*.diff.json + data.json
[2] build HTML（build_v10.py 会先调 build_v9.py 再注入 V10 section）
=== 先跑 build_v9.py 生成基础 HTML ===
✅ 替换 CTR1_METHODS_T（8169 chars）
✅ 替换 CTR1_METHODS_V（10066 chars）
✅ 替换 CTR2_METHODS_T（9646 chars）
✅ 替换 CTR2_METHODS_V（10331 chars）
✅ 替换 CVR_METHODS_T（9738 chars）
✅ 替换 CVR_METHODS_V（8544 chars）
✅ 替换 PRICE_METHODS_T（8213 chars）
✅ 替换 PRICE_METHODS_V（8209 chars）
✅ 重写 Tab 标题:  '👆', '提升 CTR1：封面+标题钩子...
✅ 重写 Tab 标题:  '🔗', '提升 CTR2：商品卡点击'...
✅ 重写 Tab 标题:  '💰', '提升 CVR：转化下单'...
✅ 重写 Tab 标题: ,'💎', '提升件单价：客单优化'...
index.html written: 259,694 bytes
<style> 平衡：2/2
tab-panel 数量：8（预期 8）
panel ids: ['gpm', 'ctr1', 'ctr2', 'cvr', 'price', 'cat', 'audit', 'tools']
[V8e] 注入卖点助手 JS
[V8e] JS injected, new size: 213424
[V8f] header 时间窗动态化
[V8f] header → W24 · 05.27 - 06.09

=== V9 build 自检 ===
tab-panel 数量：8（预期 8）
V9 method-card 数量：40（预期 40，8 池 × 5 方法）
two-weapons-banner 数量：5（预期 4）
未替换的 V9 placeholder：0（预期 0）

✅ V9 build 完成，写入 /home/node/.openclaw/workspace/xushi-trends-cron/work/index.html (222,284 chars)

✅ ctr1 Tab 注入 V10 section
✅ ctr2 Tab 注入 V10 section
✅ cvr Tab 注入 V10 section
✅ price Tab 注入 V10 section

=== V10 build 自检 ===
tab-panel 数量：7 + active=0
V10 section 数量：5（预期 4）
V10 high card 数量：21
V10 low card 数量：16
V10 mechanism 数量：5（预期 4）

✅ V10 build 完成，写入 /home/node/.openclaw/workspace/xushi-trends-cron/work/index.html (268,112 chars)
[3] git push
[main dc827bc] V10 weekly refresh 2026-06-16
 81 files changed, 198985 insertions(+)
 create mode 100644 ALGO_FIELD_EXPLAINER.md
 create mode 100644 ALGO_FIELD_EXPLAINER.redoc.md
 create mode 100644 V9_METHODOLOGY_REVIEW.md
 create mode 100644 V9_METHODOLOGY_REVIEW.redoc.md
 create mode 100644 V9_METHODOLOGY_REVIEW_V2.md
 create mode 100644 V9_METHODOLOGY_REVIEW_V2.redoc.md
 create mode 100644 cluster_task_template.md
 create mode 100644 data/goods_map.json
 create mode 100644 data/step_a_meta.json
 create mode 100644 data/step_a_raw.json
 create mode 100644 data/step_b2_raw.json
 create mode 100644 data/step_b_all_msgs.txt
 create mode 100644 data/step_b_full_in.txt
 create mode 100644 data/step_b_goods_in.txt
 create mode 100644 data/step_b_in_0.txt
 create mode 100644 data/step_b_in_1.txt
 create mode 100644 data/step_b_in_2.txt
 create mode 100644 data/step_b_in_3.txt
 create mode 100644 data/step_b_in_clauses.json
 create mode 100644 data/step_b_msgs.txt
 create mode 100644 data/step_b_msgs_p2.txt
 create mode 100644 data/step_b_note_ids.txt
 create mode 100644 data/step_b_results/b1_0.json
 create mode 100644 data/step_b_results/b1_1.json
 create mode 100644 data/step_b_results/b1_2.json
 create mode 100644 data/step_b_results/b1_3.json
 create mode 100644 data/step_b_results/b4_0.json
 create mode 100644 data/step_b_results/b4_1.json
 create mode 100644 data/step_b_results/b4_2.json
 create mode 100644 data/step_b_results/b4_3.json
 create mode 100644 data/v10_poc/high_sin_titles.json
 create mode 100644 data/v10_poc/high_titles.txt
 create mode 100644 data/v10_poc/low_sin_titles.json
 create mode 100644 data/v10_poc/low_titles.txt
 create mode 100644 data/v10_poc/poc_cluster_task.md
 create mode 100644 data/v10_poc/v10_poc_clusters.json
 create mode 100644 data/v9_clusters_v3/ctr1_pic.cluster.json
 create mode 100644 data/v9_clusters_v3/ctr1_vid.cluster.json
 create mode 100644 data/v9_clusters_v3/ctr2_pic.cluster.json
 create mode 100644 data/v9_clusters_v3/ctr2_vid.cluster.json
 create mode 100644 data/v9_clusters_v3/cvr_pic.cluster.json
 create mode 100644 data/v9_clusters_v3/cvr_vid.cluster.json
 create mode 100644 data/v9_clusters_v3/price_pic.cluster.json
 create mode 100644 data/v9_clusters_v3/price_vid.cluster.json
 create mode 100644 data/v9_pool_merged.csv
 create mode 100644 data/v9_pool_step_a.csv
 create mode 100644 data/v9_pools_v2/ctr1_pic.json
 create mode 100644 data/v9_pools_v2/ctr1_vid.json
 create mode 100644 data/v9_pools_v2/ctr2_pic.json
 create mode 100644 data/v9_pools_v2/ctr2_vid.json
 create mode 100644 data/v9_pools_v2/cvr_pic.json
 create mode 100644 data/v9_pools_v2/cvr_vid.json
 create mode 100644 data/v9_pools_v2/price_pic.json
 create mode 100644 data/v9_pools_v2/price_vid.json
 create mode 100644 data/v9_pools_v3/ctr1_pic.json
 create mode 100644 data/v9_pools_v3/ctr1_vid.json
 create mode 100644 data/v9_pools_v3/ctr2_pic.json
 create mode 100644 data/v9_pools_v3/ctr2_vid.json
 create mode 100644 data/v9_pools_v3/cvr_pic.json
 create mode 100644 data/v9_pools_v3/cvr_vid.json
 create mode 100644 data/v9_pools_v3/price_pic.json
 create mode 100644 data/v9_pools_v3/price_vid.json
 create mode 100644 gen_algo_field_explainer.py
 create mode 100644 gen_v9_review_doc.py
 create mode 100644 gen_v9_review_doc_v2.py
 create mode 100644 index_v8g_backup.html
 create mode 100644 refresh_v10_20260616.log
 create mode 100644 refresh_v9_20260616.log
 create mode 100644 v9_cluster_prompt_template.txt
 create mode 100644 v9_pool_master_v2.sql
 create mode 100644 v9_pool_master_v2_full.sql
 create mode 100644 v9_pool_master_v3.sql
 create mode 100644 v9_split_pools_v2.py
 create mode 100644 v9_split_pools_v3.py
 create mode 100644 v9_step_a.sql
 create mode 100644 v9_step_b.sql
 create mode 100644 v9_step_b2.sql
 create mode 100644 v9_step_b_template.sql
 create mode 100755 weekly_refresh_v10.sh
 create mode 100755 weekly_refresh_v9.sh
To github.com:zhudamen528-code/xushi-trends.git
   094bdd3..dc827bc  main -> main
===== V10 周更摘要 2026年 06月 16日 星期二 22:05:14 CST =====
✅ commit: dc827bc
✅ index.html: 356515 bytes
✅ V10 高组卡: 21 / 低组卡: 16
✅ 看板地址: https://zhudamen528-code.github.io/xushi-trends/
===== 完成 =====
