===== V10 周更开始 2026-08-17 09:00:26 =====

[1/5] 拉取最新数据（fetch_data.py，P75 + 算法分门槛 Top 50）
[2026-08-17 09:00:26] 统计窗口：20260720 → 20260816
[2026-08-17 09:00:26] 算法分窗口：20260809 → 20260816
[2026-08-17 09:00:26] 发布时间窗口：≥ 2026-08-02
[2026-08-17 09:00:26] 提交 P75 SQL...
[2026-08-17 09:00:28] P75 msgId: 54e4143a-deef-424f-ad70-dca1feda227a
[2026-08-17 09:00:28] 提交 Top 案例 V3 SQL（算法分门槛 + Top 50）...
[2026-08-17 09:00:30] Top 案例 msgId: 6fd24c79-b8fe-4e94-a370-28c638d982b4
[2026-08-17 09:00:30] 等待 P75 SQL 完成...
[2026-08-17 09:00:31]   ... 等待 P75 state=RUNNING msgId=54e4143a-d
[2026-08-17 09:01:02]   ... 等待 P75 state=RUNNING msgId=54e4143a-d
[2026-08-17 09:01:32]   ... 等待 P75 state=RUNNING msgId=54e4143a-d
[2026-08-17 09:02:03]   ... 等待 P75 state=RUNNING msgId=54e4143a-d
[2026-08-17 09:02:33]   ... 等待 P75 state=RUNNING msgId=54e4143a-d
[2026-08-17 09:03:04]   ... 等待 P75 state=RUNNING msgId=54e4143a-d
[2026-08-17 09:03:34]   ... 等待 P75 state=RUNNING msgId=54e4143a-d
[2026-08-17 09:04:05]   ... 等待 P75 state=RUNNING msgId=54e4143a-d
[2026-08-17 09:04:36]   ... 等待 P75 state=RUNNING msgId=54e4143a-d
[2026-08-17 09:05:06]   ... 等待 P75 state=RUNNING msgId=54e4143a-d
===== V10 周更开始 2026-08-17 09:05:55 =====

[1/5] 拉取最新数据（fetch_data.py，P75 + 算法分门槛 Top 50）
[2026-08-17 09:05:55] 统计窗口：20260720 → 20260816
[2026-08-17 09:05:55] 算法分窗口：20260809 → 20260816
[2026-08-17 09:05:55] 发布时间窗口：≥ 2026-08-02
[2026-08-17 09:05:55] 提交 P75 SQL...
[2026-08-17 09:05:58] P75 msgId: f93b1768-7183-41c8-82ee-b7e49d614c6d
[2026-08-17 09:05:58] 提交 Top 案例 V3 SQL（算法分门槛 + Top 50）...
[2026-08-17 09:06:00] Top 案例 msgId: 6a968ccb-9369-44bb-901c-0741551d82e0
[2026-08-17 09:06:00] 等待 P75 SQL 完成...
[2026-08-17 09:06:00]   ... 等待 P75 state=DRAFT msgId=f93b1768-7
[2026-08-17 09:06:31]   ... 等待 P75 state=RUNNING msgId=f93b1768-7
[2026-08-17 09:07:01]   ... 等待 P75 state=RUNNING msgId=f93b1768-7
[2026-08-17 09:07:32]   ... 等待 P75 state=RUNNING msgId=f93b1768-7
[2026-08-17 09:08:03]   ... 等待 P75 state=RUNNING msgId=f93b1768-7
[2026-08-17 09:08:33]   ... 等待 P75 state=RUNNING msgId=f93b1768-7
[2026-08-17 09:09:04]   ... 等待 P75 state=RUNNING msgId=f93b1768-7
[2026-08-17 09:09:34]   ... 等待 P75 state=RUNNING msgId=f93b1768-7
[2026-08-17 09:10:05]   ... 等待 P75 state=RUNNING msgId=f93b1768-7
[2026-08-17 09:10:36]   ... 等待 P75 state=RUNNING msgId=f93b1768-7
[2026-08-17 09:11:06]   ... 等待 P75 state=RUNNING msgId=f93b1768-7
[2026-08-17 09:11:37]   ... 等待 P75 state=RUNNING msgId=f93b1768-7
[2026-08-17 09:12:07]   ... 等待 P75 state=RUNNING msgId=f93b1768-7
[2026-08-17 09:12:38]   ... 等待 P75 state=RUNNING msgId=f93b1768-7
[2026-08-17 09:13:09]   ... 等待 P75 state=RUNNING msgId=f93b1768-7
[2026-08-17 09:13:39]   ... 等待 P75 state=RUNNING msgId=f93b1768-7
[2026-08-17 09:14:10] P75 结果 3899 字节
[2026-08-17 09:14:10] 等待 Top 案例 SQL 完成...
[2026-08-17 09:14:11]   ... 等待 TopCases state=RUNNING msgId=6a968ccb-9
[2026-08-17 09:14:42]   ... 等待 TopCases state=RUNNING msgId=6a968ccb-9
[2026-08-17 09:15:12]   ... 等待 TopCases state=RUNNING msgId=6a968ccb-9
[2026-08-17 09:15:43]   ... 等待 TopCases state=RUNNING msgId=6a968ccb-9
[2026-08-17 09:16:14]   ... 等待 TopCases state=RUNNING msgId=6a968ccb-9
[2026-08-17 09:16:44]   ... 等待 TopCases state=RUNNING msgId=6a968ccb-9
[2026-08-17 09:17:15]   ... 等待 TopCases state=RUNNING msgId=6a968ccb-9
[2026-08-17 09:17:45]   ... 等待 TopCases state=RUNNING msgId=6a968ccb-9
[2026-08-17 09:18:16]   ... 等待 TopCases state=RUNNING msgId=6a968ccb-9
[2026-08-17 09:18:46]   ... 等待 TopCases state=RUNNING msgId=6a968ccb-9
[2026-08-17 09:19:17]   ... 等待 TopCases state=RUNNING msgId=6a968ccb-9
[2026-08-17 09:19:48]   ... 等待 TopCases state=RUNNING msgId=6a968ccb-9
[2026-08-17 09:20:18]   ... 等待 TopCases state=RUNNING msgId=6a968ccb-9
[2026-08-17 09:20:49]   ... 等待 TopCases state=RUNNING msgId=6a968ccb-9
[2026-08-17 09:21:20]   ... 等待 TopCases state=RUNNING msgId=6a968ccb-9
[2026-08-17 09:21:50]   ... 等待 TopCases state=RUNNING msgId=6a968ccb-9
[2026-08-17 09:22:21]   ... 等待 TopCases state=RUNNING msgId=6a968ccb-9
[2026-08-17 09:22:51]   ... 等待 TopCases state=RUNNING msgId=6a968ccb-9
[2026-08-17 09:23:22]   ... 等待 TopCases state=RUNNING msgId=6a968ccb-9
[2026-08-17 09:23:53]   ... 等待 TopCases state=RUNNING msgId=6a968ccb-9
[2026-08-17 09:24:23]   ... 等待 TopCases state=RUNNING msgId=6a968ccb-9
[2026-08-17 09:24:54]   ... 等待 TopCases state=RUNNING msgId=6a968ccb-9
[2026-08-17 09:25:24]   ... 等待 TopCases state=RUNNING msgId=6a968ccb-9
[2026-08-17 09:25:55]   ... 等待 TopCases state=RUNNING msgId=6a968ccb-9
[2026-08-17 09:26:26]   ... 等待 TopCases state=RUNNING msgId=6a968ccb-9
[2026-08-17 09:26:56]   ... 等待 TopCases state=RUNNING msgId=6a968ccb-9
[2026-08-17 09:27:27]   ... 等待 TopCases state=RUNNING msgId=6a968ccb-9
[2026-08-17 09:27:57]   ... 等待 TopCases state=RUNNING msgId=6a968ccb-9
[2026-08-17 09:28:28]   ... 等待 TopCases state=RUNNING msgId=6a968ccb-9
[2026-08-17 09:28:59]   ... 等待 TopCases state=RUNNING msgId=6a968ccb-9
[2026-08-17 09:29:29]   ... 等待 TopCases state=RUNNING msgId=6a968ccb-9
[2026-08-17 09:30:00]   ... 等待 TopCases state=RUNNING msgId=6a968ccb-9
[2026-08-17 09:30:30]   ... 等待 TopCases state=RUNNING msgId=6a968ccb-9
[2026-08-17 09:31:01]   ... 等待 TopCases state=RUNNING msgId=6a968ccb-9
[2026-08-17 09:31:32]   ... 等待 TopCases state=RUNNING msgId=6a968ccb-9
[2026-08-17 09:32:03]   ... 等待 TopCases state=RUNNING msgId=6a968ccb-9
[2026-08-17 09:32:33]   ... 等待 TopCases state=RUNNING msgId=6a968ccb-9
[2026-08-17 09:33:04]   ... 等待 TopCases state=RUNNING msgId=6a968ccb-9
[2026-08-17 09:33:34]   ... 等待 TopCases state=RUNNING msgId=6a968ccb-9
[2026-08-17 09:34:06] Top 案例结果 183117 字节
[2026-08-17 09:34:06] P75 行数：12
[2026-08-17 09:34:06] Top 案例行数：400
[2026-08-17 09:34:06] P75 解析完成
[2026-08-17 09:34:06]   CTR1: 图文 50 条 / 视频 50 条
[2026-08-17 09:34:06]   CTR2: 图文 50 条 / 视频 50 条
[2026-08-17 09:34:06]   CVR: 图文 50 条 / 视频 50 条
[2026-08-17 09:34:06]   PRICE: 图文 50 条 / 视频 50 条
[2026-08-17 09:34:06] data.json 写出完成：274578 字节
[2026-08-17 09:34:06] 休食 图文 CTR1 P75 = 10.0%
[2026-08-17 09:34:06] Top 案例总条数 = 400
[2026-08-17 09:34:06] DONE
  ✅ data.json 已刷新到 20260816（age=1d）

[2/5] 生成品类风向文案（gen_cat_trends.py）
[gen_cat_trends] 开始生成 CAT_TRENDS，数据源：/home/node/.openclaw/workspace/xushi-trends-cron/work/data.json
品类归拢结果：
  速食: 14 条案例
  饮品: 53 条案例
  零食: 41 条案例
  滋补: 10 条案例
  酒类: 15 条案例
  速食: 标题公式使用兜底（样本14条不足）
  滋补: 标题公式使用兜底（样本10条不足）
[gen_cat_trends] 写出：/home/node/.openclaw/workspace/xushi-trends-cron/work/cat_trends_generated.js (7700 bytes)
[gen_cat_trends] 品类数：5
  零食: 41条案例，真实提炼
  速食: 14条案例，真实提炼
  饮品: 53条案例，真实提炼
  酒类: 15条案例，真实提炼
  滋补: 10条案例，真实提炼

--- CAT_TRENDS 预览 ---

【零食】（41条样本，20260720 ~ 20260816）
  方向1：山姆宠物零食冻干芭菲杯特价28.9」引发点击
  方向2：我愿称之为潮汕糖糕天花板」引发点击
  方向3：蛋黄酥收到是可以直接吃的哦」引发点击
  公式1：「一年只开工50天，这个月饼终于等到中秋了...」数字量化式
  公式2：「黑豆居然可以这么好吃？配料表只有黑豆和盐...」问句探索式
  代表案例：纯手工现烤现发土月饼，一口回到童年。  (了不起的匠人的店)

【速食】（14条样本，20260720 ~ 20260816）
  方向1：我一有钱就买嘢来敬重自己」引发点击
  方向2：姐妹们～已售12w +螺蛳粉啦」引发点击
  方向3：【有机燕麦胚芽米煲汤】」引发点击
  公式1：「X 分钟搞定一顿饭」效率式
  公式2：「一个人也要好好吃饭」情感式
  公式3：「比外卖好吃还便宜」对比式
  代表案例：夏季限定｜榴莲香草芒果燕麦片！售完无补  (largo lab 生活的店)

【饮品】（53条样本，20260720 ~ 20260816）
  方向1：如此可爱之小卡我已拥有」引发点击
  方向2：问句结构，激发好奇心点击
  方向3：生日周边已预约3500+🩵谢谢大家明天见」引发点击
  公式1：「方芳老师推荐的咖啡是哪个？...」问句探索式
  公式2：「一灸就爱上，人体自带的火炉，再也不怕冷...」情绪共鸣式
  代表案例：双拼长条莎布蕾 | 不知道吃啥的时候选它  (白房子咖啡的店)

【酒类】（15条样本，20260720 ~ 20260816）
  方向1：198💰三瓶｜绿狮子+小教堂+葡萄自流汁」引发点击
  方向2：9号盲盒日 | 重新认识相信“风物有源”」引发点击
  方向3：青苹果啤酒闪现上架！不好喝包退🥹」引发点击
  公式1：「不到60元！居然还是单一年份起泡？...」数字量化式
  公式2：「不到60元！居然还是单一年份起泡？...」问句探索式
  代表案例：在意大利的喝到的花瓶酒出小瓶装啦！！！  (酒類美術館Wine Gallery的店)

【滋补】（10条样本，20260720 ~ 20260816）
  方向1：膏手必学｜内服保养的扛把子蜂蜜花粉膏」引发点击
  方向2：立秋到了吃百合的季节」引发点击
  方向3：难怪女生喜欢喝它！喝完心情舒畅一整天」引发点击
  公式1：「坚持 XX 天的变化」时间线式
  公式2：「XX 岁开始养 XX」年龄段切入式
  公式3：「熬夜必备的 XX」人群精准式
  代表案例：难怪女生喜欢喝它！喝完心情舒畅一整天  (新疆尼勒克黑蜂蜂蜜的店)
  ✅ cat_trends_generated.js 已更新

[3/5] 生成 index.html（build_v10.py）
=== 先跑 build_v9.py 生成基础 HTML ===
✅ 替换 CTR1_METHODS_T（8169 chars）
✅ 替换 CTR1_METHODS_V（10066 chars）
✅ 替换 CTR2_METHODS_T（9646 chars）
✅ 替换 CTR2_METHODS_V（10331 chars）
✅ 替换 CVR_METHODS_T（9738 chars）
✅ 替换 CVR_METHODS_V（8544 chars）
✅ 替换 PRICE_METHODS_T（8213 chars）
✅ 替换 PRICE_METHODS_V（8209 chars）
✅ 重写 Tab 标题:  '👆', '提升 CTR1：封面+标题钩子...
✅ 重写 Tab 标题:  '🔗', '提升 CTR2：商品卡点击'...
✅ 重写 Tab 标题:  '💰', '提升 CVR：转化下单'...
✅ 重写 Tab 标题: ,'💎', '提升件单价：客单优化'...
index.html written: 259,698 bytes
<style> 平衡：2/2
tab-panel 数量：8（预期 8）
panel ids: ['gpm', 'ctr1', 'ctr2', 'cvr', 'price', 'cat', 'audit', 'tools']
[V8e] 注入卖点助手 JS
[V8e] JS injected, new size: 213432
[V8f] header 时间窗动态化
[V8f] header → W33 · 07.20 - 08.16

=== V9 build 自检 ===
tab-panel 数量：8（预期 8）
V9 method-card 数量：40（预期 40，8 池 × 5 方法）
two-weapons-banner 数量：5（预期 4）
未替换的 V9 placeholder：0（预期 0）

✅ V9 build 完成，写入 /home/node/.openclaw/workspace/xushi-trends-cron/work/index.html (222,292 chars)

✅ getFormData 函数已补注入（V8/V9 丢失兜底）
✅ CAT_TRENDS 已从 cat_trends_generated.js 注入（自动生成，5057 字符）
✅ TITLE_FORMULAS 已从 backup 补注入（1074 字符）
✅ ctr1 Tab 注入 V10 section（hero 后）
✅ ctr2 Tab 注入 V10 section（hero 后）
✅ cvr Tab 注入 V10 section（hero 后）
✅ price Tab 注入 V10 section（hero 后）
✅ ctr1 Tab V9 老内容已折叠
✅ ctr2 Tab V9 老内容已折叠
✅ cvr Tab V9 老内容已折叠
✅ price Tab V9 老内容已折叠
✅ Tab1 行业 KPI 8 卡片合并为对照表
✅ Tab1 sticky 锚目录已添加
✅ 区块 anchor id 已添加（公式/行业参考/自查）
✅ 卖点助手 prompt 已替换为 V10 版本
✅ 业务术语已加 hover tooltip

=== V10 build 自检 ===
tab-panel 数量：7 + active=0
V10 section 数量：5（预期 4）
V10 high card 数量：15
V10 low card 数量：13
V10 mechanism 数量：5（预期 4）

✅ V10 build 完成，写入 /home/node/.openclaw/workspace/xushi-trends-cron/work/index.html (285,727 chars)
  自检关键函数...
    ✅ getFormData
    ✅ CAT_TRENDS
    ✅ buildPrompt
    ✅ TITLE_FORMULAS

[4/5] 配色周轮换
  第 34 周，主题色 #0891b2
  ℹ️ 未找到 --theme-color 变量，跳过配色轮换

[5/5] git push
[main 8c5150a] V10 周更 2026-08-17（主题色 #0891b2，第 34 周）
 6 files changed, 9522 insertions(+), 9289 deletions(-)
 create mode 100644 refresh_v10_20260817.log
To github.com:zhudamen528-code/xushi-trends.git
   3b62557..8c5150a  main -> main
  ✅ push 完成

===== V10 周更完成 2026-08-17 09:34:11 =====
  线上：https://zhudamen528-code.github.io/xushi-trends/
