===== V10 周更开始 2026-09-14 09:00:05 =====

[1/5] 拉取最新数据（fetch_data.py，P75 + 算法分门槛 Top 50）
[2026-09-14 09:00:05] 统计窗口：20260817 → 20260913
[2026-09-14 09:00:05] 算法分窗口：20260906 → 20260913
[2026-09-14 09:00:05] 发布时间窗口：≥ 2026-08-30
[2026-09-14 09:00:05] 提交 P75 SQL...
[2026-09-14 09:00:07] P75 msgId: e9c1be57-ce51-4960-a8ab-1154ed3c3864
[2026-09-14 09:00:07] 提交 Top 案例 V3 SQL（算法分门槛 + Top 50）...
[2026-09-14 09:00:10] Top 案例 msgId: b8dc887f-841e-4ff8-9464-a781b691a4bc
[2026-09-14 09:00:10] 等待 P75 SQL 完成...
[2026-09-14 09:00:10]   ... 等待 P75 state=RUNNING msgId=e9c1be57-c
[2026-09-14 09:00:41]   ... 等待 P75 state=RUNNING msgId=e9c1be57-c
[2026-09-14 09:01:11]   ... 等待 P75 state=RUNNING msgId=e9c1be57-c
[2026-09-14 09:01:42]   ... 等待 P75 state=RUNNING msgId=e9c1be57-c
[2026-09-14 09:02:13] P75 结果 3680 字节
[2026-09-14 09:02:13] 等待 Top 案例 SQL 完成...
[2026-09-14 09:02:14]   ... 等待 TopCases state=RUNNING msgId=b8dc887f-8
[2026-09-14 09:02:44]   ... 等待 TopCases state=RUNNING msgId=b8dc887f-8
[2026-09-14 09:03:15]   ... 等待 TopCases state=RUNNING msgId=b8dc887f-8
[2026-09-14 09:03:46]   ... 等待 TopCases state=RUNNING msgId=b8dc887f-8
[2026-09-14 09:04:16]   ... 等待 TopCases state=RUNNING msgId=b8dc887f-8
[2026-09-14 09:04:47]   ... 等待 TopCases state=RUNNING msgId=b8dc887f-8
===== V10 周更开始 2026-09-14 09:05:16 =====

[1/5] 拉取最新数据（fetch_data.py，P75 + 算法分门槛 Top 50）
[2026-09-14 09:05:16] 统计窗口：20260817 → 20260913
[2026-09-14 09:05:16] 算法分窗口：20260906 → 20260913
[2026-09-14 09:05:16] 发布时间窗口：≥ 2026-08-30
[2026-09-14 09:05:16] 提交 P75 SQL...
[2026-09-14 09:05:18] P75 msgId: dbe55a30-bd00-4026-a352-366a69c9307e
[2026-09-14 09:05:18] 提交 Top 案例 V3 SQL（算法分门槛 + Top 50）...
[2026-09-14 09:05:20] Top 案例 msgId: d8a2a660-040c-4063-baa2-18ed707289a7
[2026-09-14 09:05:20] 等待 P75 SQL 完成...
[2026-09-14 09:05:20]   ... 等待 P75 state=RUNNING msgId=dbe55a30-b
[2026-09-14 09:05:51]   ... 等待 P75 state=RUNNING msgId=dbe55a30-b
[2026-09-14 09:06:22]   ... 等待 P75 state=RUNNING msgId=dbe55a30-b
[2026-09-14 09:06:53] P75 结果 3680 字节
[2026-09-14 09:06:53] 等待 Top 案例 SQL 完成...
[2026-09-14 09:06:53]   ... 等待 TopCases state=RUNNING msgId=d8a2a660-0
[2026-09-14 09:07:24]   ... 等待 TopCases state=RUNNING msgId=d8a2a660-0
[2026-09-14 09:07:55]   ... 等待 TopCases state=RUNNING msgId=d8a2a660-0
[2026-09-14 09:08:25]   ... 等待 TopCases state=RUNNING msgId=d8a2a660-0
[2026-09-14 09:08:56]   ... 等待 TopCases state=RUNNING msgId=d8a2a660-0
[2026-09-14 09:09:26]   ... 等待 TopCases state=RUNNING msgId=d8a2a660-0
[2026-09-14 09:09:57]   ... 等待 TopCases state=RUNNING msgId=d8a2a660-0
[2026-09-14 09:10:28]   ... 等待 TopCases state=RUNNING msgId=d8a2a660-0
[2026-09-14 09:10:58]   ... 等待 TopCases state=RUNNING msgId=d8a2a660-0
[2026-09-14 09:11:29]   ... 等待 TopCases state=RUNNING msgId=d8a2a660-0
[2026-09-14 09:11:59]   ... 等待 TopCases state=RUNNING msgId=d8a2a660-0
[2026-09-14 09:12:30]   ... 等待 TopCases state=RUNNING msgId=d8a2a660-0
[2026-09-14 09:13:01]   ... 等待 TopCases state=RUNNING msgId=d8a2a660-0
[2026-09-14 09:13:31]   ... 等待 TopCases state=RUNNING msgId=d8a2a660-0
[2026-09-14 09:14:02]   ... 等待 TopCases state=RUNNING msgId=d8a2a660-0
[2026-09-14 09:14:32]   ... 等待 TopCases state=RUNNING msgId=d8a2a660-0
[2026-09-14 09:15:03]   ... 等待 TopCases state=RUNNING msgId=d8a2a660-0
[2026-09-14 09:15:34]   ... 等待 TopCases state=RUNNING msgId=d8a2a660-0
[2026-09-14 09:16:04]   ... 等待 TopCases state=RUNNING msgId=d8a2a660-0
[2026-09-14 09:16:35]   ... 等待 TopCases state=RUNNING msgId=d8a2a660-0
[2026-09-14 09:17:05]   ... 等待 TopCases state=RUNNING msgId=d8a2a660-0
[2026-09-14 09:17:36]   ... 等待 TopCases state=RUNNING msgId=d8a2a660-0
[2026-09-14 09:18:07]   ... 等待 TopCases state=RUNNING msgId=d8a2a660-0
[2026-09-14 09:18:37]   ... 等待 TopCases state=RUNNING msgId=d8a2a660-0
[2026-09-14 09:19:08]   ... 等待 TopCases state=RUNNING msgId=d8a2a660-0
[2026-09-14 09:19:38]   ... 等待 TopCases state=RUNNING msgId=d8a2a660-0
[2026-09-14 09:20:09]   ... 等待 TopCases state=RUNNING msgId=d8a2a660-0
[2026-09-14 09:20:40]   ... 等待 TopCases state=RUNNING msgId=d8a2a660-0
[2026-09-14 09:21:10]   ... 等待 TopCases state=RUNNING msgId=d8a2a660-0
[2026-09-14 09:21:41]   ... 等待 TopCases state=RUNNING msgId=d8a2a660-0
[2026-09-14 09:22:11]   ... 等待 TopCases state=RUNNING msgId=d8a2a660-0
[2026-09-14 09:22:42]   ... 等待 TopCases state=RUNNING msgId=d8a2a660-0
[2026-09-14 09:23:13]   ... 等待 TopCases state=RUNNING msgId=d8a2a660-0
[2026-09-14 09:23:43]   ... 等待 TopCases state=RUNNING msgId=d8a2a660-0
[2026-09-14 09:24:14]   ... 等待 TopCases state=RUNNING msgId=d8a2a660-0
[2026-09-14 09:24:44]   ... 等待 TopCases state=RUNNING msgId=d8a2a660-0
[2026-09-14 09:25:15]   ... 等待 TopCases state=RUNNING msgId=d8a2a660-0
[2026-09-14 09:25:46]   ... 等待 TopCases state=RUNNING msgId=d8a2a660-0
[2026-09-14 09:26:16]   ... 等待 TopCases state=RUNNING msgId=d8a2a660-0
[2026-09-14 09:26:47]   ... 等待 TopCases state=RUNNING msgId=d8a2a660-0
[2026-09-14 09:27:17]   ... 等待 TopCases state=RUNNING msgId=d8a2a660-0
[2026-09-14 09:27:48]   ... 等待 TopCases state=RUNNING msgId=d8a2a660-0
[2026-09-14 09:28:19]   ... 等待 TopCases state=RUNNING msgId=d8a2a660-0
[2026-09-14 09:28:49]   ... 等待 TopCases state=RUNNING msgId=d8a2a660-0
[2026-09-14 09:29:20]   ... 等待 TopCases state=RUNNING msgId=d8a2a660-0
[2026-09-14 09:29:50]   ... 等待 TopCases state=RUNNING msgId=d8a2a660-0
[2026-09-14 09:30:21]   ... 等待 TopCases state=RUNNING msgId=d8a2a660-0
[2026-09-14 09:30:52]   ... 等待 TopCases state=RUNNING msgId=d8a2a660-0
[2026-09-14 09:31:22]   ... 等待 TopCases state=RUNNING msgId=d8a2a660-0
[2026-09-14 09:31:53]   ... 等待 TopCases state=RUNNING msgId=d8a2a660-0
[2026-09-14 09:32:23]   ... 等待 TopCases state=RUNNING msgId=d8a2a660-0
[2026-09-14 09:32:54]   ... 等待 TopCases state=RUNNING msgId=d8a2a660-0
[2026-09-14 09:33:25]   ... 等待 TopCases state=RUNNING msgId=d8a2a660-0
[2026-09-14 09:33:55]   ... 等待 TopCases state=RUNNING msgId=d8a2a660-0
[2026-09-14 09:34:27] Top 案例结果 182653 字节
[2026-09-14 09:34:27] P75 行数：12
[2026-09-14 09:34:27] Top 案例行数：400
[2026-09-14 09:34:27] P75 解析完成
[2026-09-14 09:34:27]   CTR1: 图文 50 条 / 视频 50 条
[2026-09-14 09:34:27]   CTR2: 图文 50 条 / 视频 50 条
[2026-09-14 09:34:27]   CVR: 图文 50 条 / 视频 50 条
[2026-09-14 09:34:27]   PRICE: 图文 50 条 / 视频 50 条
[2026-09-14 09:34:27] data.json 写出完成：273913 字节
[2026-09-14 09:34:27] 休食 图文 CTR1 P75 = 9.7%
[2026-09-14 09:34:27] Top 案例总条数 = 400
[2026-09-14 09:34:27] DONE
  ✅ data.json 已刷新到 20260913（age=1d）

[2/5] 生成品类风向文案（gen_cat_trends.py）
[gen_cat_trends] 开始生成 CAT_TRENDS，数据源：/home/node/.openclaw/workspace/xushi-trends-cron/work/data.json
品类归拢结果：
  速食: 5 条案例
  零食: 65 条案例
  饮品: 54 条案例
  滋补: 13 条案例
  酒类: 16 条案例
  速食: 标题公式使用兜底（样本5条不足）
  滋补: 标题公式使用兜底（样本13条不足）
[gen_cat_trends] 写出：/home/node/.openclaw/workspace/xushi-trends-cron/work/cat_trends_generated.js (7755 bytes)
[gen_cat_trends] 品类数：5
  零食: 65条案例，真实提炼
  速食: 5条案例，真实提炼
  饮品: 54条案例，真实提炼
  酒类: 16条案例，真实提炼
  滋补: 13条案例，真实提炼

--- CAT_TRENDS 预览 ---

【零食】（65条样本，20260817 ~ 20260913）
  方向1：喜糖•大婚纪～～中式千年浪漫的定情信物」引发点击
  方向2：山姆分装｜今天又是打包快乐的一天」引发点击
  方向3：榴莲月饼就得吃这种榴莲果肉≥40%的」引发点击
  公式1：「烤焦了一锅腰果，咋办？...」问句探索式
  公式2：「这么好吃的坚果，现在却完全被破坏了...」反差对比式
  代表案例：刚发售就断货的杭州法云安缦月饼  (上海熙食贸易的店)

【速食】（5条样本，20260817 ~ 20260913）
  方向1：在火锅店里舍不得多点它，自己在家吃到爽…」引发点击
  方向2：☝️拒绝贵价代餐！平价干净主食才是王道🌟」引发点击
  方向3：临期福利：拉面说儿地狱辣拉面 39.9⚪」引发点击
  公式1：「X 分钟搞定一顿饭」效率式
  公式2：「一个人也要好好吃饭」情感式
  公式3：「比外卖好吃还便宜」对比式
  代表案例：☝️拒绝贵价代餐！平价干净主食才是王道🌟  (馒饱日记的店)

【饮品】（54条样本，20260817 ~ 20260913）
  方向1：挖到好价！川宁伯爵茶可可粉800g大罐装」引发点击
  方向2：9天/月」时间线背书，增强可信度
  方向3：秒一个今天直播很多姐妹都没抢到的小组合」引发点击
  公式1：「1瓶【油菌子】，居然温暖了那么多人的胃...」数字量化式
  公式2：「没想到我也做出了🌟巴克一样好喝的焙茶拿铁...」反差对比式
  代表案例：买茶送焖壶啦🥳我将严肃品鉴‼️  (大漩茶的店)

【酒类】（16条样本，20260817 ~ 20260913）
  方向1：40+年非遗手艺，足足发酵68小时的活酒」引发点击
  方向2：中秋炸价🔥6瓶红酒159！这性价比真的疯」引发点击
  方向3：价格+量感并列，性价比直给
  公式1：「中秋炸价🔥6瓶红酒159！这性价比真的疯...」数字量化式
  公式2：「东北你有这么好喝的冰酒，怎么不早说啊？？...」问句探索式
  代表案例：《东京大饭店》同款酒庄，日本葡萄酒代表！  (兔总的葡萄酒买手店的店)

【滋补】（13条样本，20260817 ~ 20260913）
  方向1：原相机，东北的秋天就是滤镜」引发点击
  方向2：解锁一款红枣红糖年糕！超浓超想超糯」引发点击
  方向3：秋天喝百合水，真的很润☘️」引发点击
  公式1：「坚持 XX 天的变化」时间线式
  公式2：「XX 岁开始养 XX」年龄段切入式
  公式3：「熬夜必备的 XX」人群精准式
  代表案例：卟气不上火的黄芪花粉——量少且稀有✅  (新疆尼勒克蜂蜜小杨的店)
  ✅ cat_trends_generated.js 已更新

[3/5] 生成 index.html（build_v10.py）
=== 先跑 build_v9.py 生成基础 HTML ===
✅ 替换 CTR1_METHODS_T（8169 chars）
✅ 替换 CTR1_METHODS_V（10066 chars）
✅ 替换 CTR2_METHODS_T（9646 chars）
✅ 替换 CTR2_METHODS_V（10331 chars）
✅ 替换 CVR_METHODS_T（9738 chars）
✅ 替换 CVR_METHODS_V（8544 chars）
✅ 替换 PRICE_METHODS_T（8213 chars）
✅ 替换 PRICE_METHODS_V（8209 chars）
✅ 重写 Tab 标题:  '👆', '提升 CTR1：封面+标题钩子...
✅ 重写 Tab 标题:  '🔗', '提升 CTR2：商品卡点击'...
✅ 重写 Tab 标题:  '💰', '提升 CVR：转化下单'...
✅ 重写 Tab 标题: ,'💎', '提升件单价：客单优化'...
index.html written: 259,696 bytes
<style> 平衡：2/2
tab-panel 数量：8（预期 8）
panel ids: ['gpm', 'ctr1', 'ctr2', 'cvr', 'price', 'cat', 'audit', 'tools']
[V8e] 注入卖点助手 JS
[V8e] JS injected, new size: 213430
[V8f] header 时间窗动态化
[V8f] header → W37 · 08.17 - 09.13

=== V9 build 自检 ===
tab-panel 数量：8（预期 8）
V9 method-card 数量：40（预期 40，8 池 × 5 方法）
two-weapons-banner 数量：5（预期 4）
未替换的 V9 placeholder：0（预期 0）

✅ V9 build 完成，写入 /home/node/.openclaw/workspace/xushi-trends-cron/work/index.html (222,290 chars)

✅ getFormData 函数已补注入（V8/V9 丢失兜底）
✅ CAT_TRENDS 已从 cat_trends_generated.js 注入（自动生成，5067 字符）
✅ TITLE_FORMULAS 已从 backup 补注入（1074 字符）
✅ ctr1 Tab 注入 V10 section（hero 后）
✅ ctr2 Tab 注入 V10 section（hero 后）
✅ cvr Tab 注入 V10 section（hero 后）
✅ price Tab 注入 V10 section（hero 后）
✅ ctr1 Tab V9 老内容已折叠
✅ ctr2 Tab V9 老内容已折叠
✅ cvr Tab V9 老内容已折叠
✅ price Tab V9 老内容已折叠
✅ Tab1 行业 KPI 8 卡片合并为对照表
✅ Tab1 sticky 锚目录已添加
✅ 区块 anchor id 已添加（公式/行业参考/自查）
✅ 卖点助手 prompt 已替换为 V10 版本
✅ 业务术语已加 hover tooltip

=== V10 build 自检 ===
tab-panel 数量：7 + active=0
V10 section 数量：5（预期 4）
V10 high card 数量：15
V10 low card 数量：13
V10 mechanism 数量：5（预期 4）

✅ V10 build 完成，写入 /home/node/.openclaw/workspace/xushi-trends-cron/work/index.html (285,720 chars)
  自检关键函数...
    ✅ getFormData
    ✅ CAT_TRENDS
    ✅ buildPrompt
    ✅ TITLE_FORMULAS

[4/5] 配色周轮换
  第 38 周，主题色 #ea580c
  ℹ️ 未找到 --theme-color 变量，跳过配色轮换

[5/5] git push
