===== V10 周更开始 2026-09-07 09:00:07 =====

[1/5] 拉取最新数据（fetch_data.py，P75 + 算法分门槛 Top 50）
[2026-09-07 09:00:07] 统计窗口：20260810 → 20260906
[2026-09-07 09:00:07] 算法分窗口：20260830 → 20260906
[2026-09-07 09:00:07] 发布时间窗口：≥ 2026-08-23
[2026-09-07 09:00:07] 提交 P75 SQL...
[2026-09-07 09:00:10] P75 msgId: 2b280224-da4d-40a7-b8ba-d0050d4c2fc5
[2026-09-07 09:00:10] 提交 Top 案例 V3 SQL（算法分门槛 + Top 50）...
[2026-09-07 09:00:12] Top 案例 msgId: 888182a3-8c91-4dfb-9bd9-44f6fb8239a2
[2026-09-07 09:00:12] 等待 P75 SQL 完成...
[2026-09-07 09:00:13]   ... 等待 P75 state=RUNNING msgId=2b280224-d
[2026-09-07 09:00:43]   ... 等待 P75 state=RUNNING msgId=2b280224-d
[2026-09-07 09:01:14]   ... 等待 P75 state=RUNNING msgId=2b280224-d
[2026-09-07 09:01:45]   ... 等待 P75 state=RUNNING msgId=2b280224-d
[2026-09-07 09:02:15]   ... 等待 P75 state=RUNNING msgId=2b280224-d
[2026-09-07 09:02:46]   ... 等待 P75 state=RUNNING msgId=2b280224-d
[2026-09-07 09:03:17]   ... 等待 P75 state=RUNNING msgId=2b280224-d
[2026-09-07 09:03:47]   ... 等待 P75 state=RUNNING msgId=2b280224-d
[2026-09-07 09:04:18]   ... 等待 P75 state=RUNNING msgId=2b280224-d
[2026-09-07 09:04:48]   ... 等待 P75 state=RUNNING msgId=2b280224-d
===== V10 周更开始 2026-09-07 09:05:10 =====

[1/5] 拉取最新数据（fetch_data.py，P75 + 算法分门槛 Top 50）
[2026-09-07 09:05:10] 统计窗口：20260810 → 20260906
[2026-09-07 09:05:10] 算法分窗口：20260830 → 20260906
[2026-09-07 09:05:10] 发布时间窗口：≥ 2026-08-23
[2026-09-07 09:05:10] 提交 P75 SQL...
[2026-09-07 09:05:12] P75 msgId: 8e76b052-a326-48c3-9c98-c6b71670e5d7
[2026-09-07 09:05:12] 提交 Top 案例 V3 SQL（算法分门槛 + Top 50）...
[2026-09-07 09:05:14] Top 案例 msgId: 9bee8d9e-06a1-4f75-8c8e-57f690582eb0
[2026-09-07 09:05:14] 等待 P75 SQL 完成...
[2026-09-07 09:05:14]   ... 等待 P75 state=QUEUED msgId=8e76b052-a
[2026-09-07 09:05:45]   ... 等待 P75 state=QUEUED msgId=8e76b052-a
[2026-09-07 09:06:15]   ... 等待 P75 state=QUEUED msgId=8e76b052-a
[2026-09-07 09:06:46]   ... 等待 P75 state=QUEUED msgId=8e76b052-a
[2026-09-07 09:07:16]   ... 等待 P75 state=QUEUED msgId=8e76b052-a
[2026-09-07 09:07:47]   ... 等待 P75 state=QUEUED msgId=8e76b052-a
[2026-09-07 09:08:17]   ... 等待 P75 state=QUEUED msgId=8e76b052-a
[2026-09-07 09:08:48]   ... 等待 P75 state=QUEUED msgId=8e76b052-a
[2026-09-07 09:09:18]   ... 等待 P75 state=QUEUED msgId=8e76b052-a
[2026-09-07 09:09:49]   ... 等待 P75 state=QUEUED msgId=8e76b052-a
[2026-09-07 09:10:20]   ... 等待 P75 state=QUEUED msgId=8e76b052-a
[2026-09-07 09:10:50]   ... 等待 P75 state=QUEUED msgId=8e76b052-a
[2026-09-07 09:11:21]   ... 等待 P75 state=QUEUED msgId=8e76b052-a
[2026-09-07 09:11:51]   ... 等待 P75 state=QUEUED msgId=8e76b052-a
[2026-09-07 09:12:22]   ... 等待 P75 state=QUEUED msgId=8e76b052-a
[2026-09-07 09:12:52]   ... 等待 P75 state=QUEUED msgId=8e76b052-a
[2026-09-07 09:13:23]   ... 等待 P75 state=QUEUED msgId=8e76b052-a
[2026-09-07 09:13:54]   ... 等待 P75 state=QUEUED msgId=8e76b052-a
[2026-09-07 09:14:24]   ... 等待 P75 state=QUEUED msgId=8e76b052-a
[2026-09-07 09:14:55]   ... 等待 P75 state=QUEUED msgId=8e76b052-a
