===== V10 周更开始 2026-09-21 09:00:11 =====

[1/5] 拉取最新数据（fetch_data.py，P75 + 算法分门槛 Top 50）
[2026-09-21 09:00:11] 统计窗口：20260824 → 20260920
[2026-09-21 09:00:11] 算法分窗口：20260913 → 20260920
[2026-09-21 09:00:11] 发布时间窗口：≥ 2026-09-06
[2026-09-21 09:00:11] 提交 P75 SQL...
[2026-09-21 09:00:14] P75 msgId: 3a1397a1-33cd-4137-81ea-c096ab594449
[2026-09-21 09:00:14] 提交 Top 案例 V3 SQL（算法分门槛 + Top 50）...
[2026-09-21 09:00:15] Top 案例 msgId: 0d6c53af-fb66-428e-94c3-f97202a0ce3b
[2026-09-21 09:00:15] 等待 P75 SQL 完成...
[2026-09-21 09:00:16]   ... 等待 P75 state=RUNNING msgId=3a1397a1-3
[2026-09-21 09:00:47]   ... 等待 P75 state=RUNNING msgId=3a1397a1-3
[2026-09-21 09:01:17]   ... 等待 P75 state=RUNNING msgId=3a1397a1-3
[2026-09-21 09:01:48]   ... 等待 P75 state=RUNNING msgId=3a1397a1-3
[2026-09-21 09:02:19] P75 结果 3674 字节
[2026-09-21 09:02:19] 等待 Top 案例 SQL 完成...
[2026-09-21 09:02:19]   ... 等待 TopCases state=RUNNING msgId=0d6c53af-f
[2026-09-21 09:02:50]   ... 等待 TopCases state=RUNNING msgId=0d6c53af-f
[2026-09-21 09:03:21]   ... 等待 TopCases state=RUNNING msgId=0d6c53af-f
===== V10 周更开始 2026-09-21 09:03:44 =====

[1/5] 拉取最新数据（fetch_data.py，P75 + 算法分门槛 Top 50）
[2026-09-21 09:03:44] 统计窗口：20260824 → 20260920
[2026-09-21 09:03:44] 算法分窗口：20260913 → 20260920
[2026-09-21 09:03:44] 发布时间窗口：≥ 2026-09-06
[2026-09-21 09:03:44] 提交 P75 SQL...
[2026-09-21 09:03:46] P75 msgId: dc1925b2-f7c0-4943-82fa-08e6a45f0a62
[2026-09-21 09:03:46] 提交 Top 案例 V3 SQL（算法分门槛 + Top 50）...
[2026-09-21 09:03:48] Top 案例 msgId: d28e107a-bfa7-4214-8cce-ef0eb4143337
[2026-09-21 09:03:48] 等待 P75 SQL 完成...
[2026-09-21 09:03:49]   ... 等待 P75 state=QUEUED msgId=dc1925b2-f
[2026-09-21 09:04:19]   ... 等待 P75 state=RUNNING msgId=dc1925b2-f
[2026-09-21 09:04:50]   ... 等待 P75 state=RUNNING msgId=dc1925b2-f
[2026-09-21 09:05:21] P75 结果 3673 字节
[2026-09-21 09:05:21] 等待 Top 案例 SQL 完成...
[2026-09-21 09:05:21]   ... 等待 TopCases state=RUNNING msgId=d28e107a-b
[2026-09-21 09:05:52]   ... 等待 TopCases state=RUNNING msgId=d28e107a-b
[2026-09-21 09:06:23]   ... 等待 TopCases state=RUNNING msgId=d28e107a-b
[2026-09-21 09:06:54] Top 案例结果 182861 字节
[2026-09-21 09:06:54] P75 行数：12
[2026-09-21 09:06:54] Top 案例行数：400
[2026-09-21 09:06:54] P75 解析完成
[2026-09-21 09:06:54]   CTR1: 图文 50 条 / 视频 50 条
[2026-09-21 09:06:54]   CTR2: 图文 50 条 / 视频 50 条
[2026-09-21 09:06:54]   CVR: 图文 50 条 / 视频 50 条
[2026-09-21 09:06:54]   PRICE: 图文 50 条 / 视频 50 条
[2026-09-21 09:06:54] data.json 写出完成：273872 字节
[2026-09-21 09:06:54] 休食 图文 CTR1 P75 = 9.6%
[2026-09-21 09:06:54] Top 案例总条数 = 400
[2026-09-21 09:06:54] DONE
  ✅ data.json 已刷新到 20260920（age=1d）

[2/5] 生成品类风向文案（gen_cat_trends.py）
[gen_cat_trends] 开始生成 CAT_TRENDS，数据源：/home/node/.openclaw/workspace/xushi-trends-cron/work/data.json
品类归拢结果：
  速食: 8 条案例
  零食: 69 条案例
  饮品: 69 条案例
  滋补: 13 条案例
  酒类: 7 条案例
  零食: 标题公式使用兜底（样本69条不足）
  速食: 标题公式使用兜底（样本8条不足）
  饮品: 标题公式使用兜底（样本69条不足）
  滋补: 标题公式使用兜底（样本13条不足）
[gen_cat_trends] 写出：/home/node/.openclaw/workspace/xushi-trends-cron/work/cat_trends_generated.js (7572 bytes)
[gen_cat_trends] 品类数：5
  零食: 69条案例，真实提炼
  速食: 8条案例，真实提炼
  饮品: 69条案例，真实提炼
  酒类: 7条案例，真实提炼
  滋补: 13条案例，真实提炼

--- CAT_TRENDS 预览 ---

【零食】（69条样本，20260824 ~ 20260920）
  方向1：Duang duang的巴斯克蛋黄月饼😍」引发点击
  方向2：山姆爵宴纯脆鸡肉卷特价49.9」引发点击
  方向3：魔都顶流！！上海龙华寺现烤月饼中秋必买啦」引发点击
  公式1：「XX 也能吃的零食」痛点消解式
  公式2：「X 克蛋白 / X 卡」数字背书式
  公式3：「减脂期最爱的 XX」场景代入式
  代表案例：刚发售就断货的杭州法云安缦月饼  (上海熙食贸易的店)

【速食】（8条样本，20260824 ~ 20260920）
  方向1：在火锅店里舍不得多点它，自己在家吃到爽…」引发点击
  方向2：⚠️季节限定本周下市｜话梅茉莉桃子燕麦片」引发点击
  方向3：☝️拒绝贵价代餐！平价干净主食才是王道🌟」引发点击
  公式1：「X 分钟搞定一顿饭」效率式
  公式2：「一个人也要好好吃饭」情感式
  公式3：「比外卖好吃还便宜」对比式
  代表案例：新疆本地隐藏吃法！椒麻鸡还能煮火锅🍲  (疆之隅的店)

【饮品】（69条样本，20260824 ~ 20260920）
  方向1：挖到好价！川宁伯爵茶可可粉800g大罐装」引发点击
  方向2：山姆燕之坊水牛奶抹茶绿豆糖水料地板价啦‼」引发点击
  方向3：问句结构，激发好奇心点击
  公式1：「XX 天的 XX 瓶」打卡挑战式
  公式2：「喝了 X 次还在买」复购背书式
  公式3：「XX 味的夏天」情绪共鸣式
  代表案例：又得了一批小甜水儿，有茶气的野生古树单株  (茗庐非凡老刘的店)

【酒类】（7条样本，20260824 ~ 20260920）
  方向1：价格+量感并列，性价比直给
  方向2：问句结构，激发好奇心点击
  方向3：10天/月」时间线背书，增强可信度
  公式1：「9号盲盒日 | 立吞99元6罐，倒计时1...」数字量化式
  公式2：「整箱不到50的苏威口粮，居然还是IWSC...」问句探索式
  公式3：「又奶又香！盲品大金杯白！竟然才100多…...」反差对比式
  代表案例：300多，喝10天都不垮，我去酒庄挖到宝了  (酒零后根据地的店)

【滋补】（13条样本，20260824 ~ 20260920）
  方向1：优质内容，点击查看
  方向2：爱吃酸的来｜适合自己最重要❤️」引发点击
  方向3：反差句式，打破预期引发点击
  公式1：「坚持 XX 天的变化」时间线式
  公式2：「XX 岁开始养 XX」年龄段切入式
  公式3：「熬夜必备的 XX」人群精准式
  代表案例：说实话，我一直没想明白，怎么就卖了几万单  (正心本草滋补小铺的店)
  ✅ cat_trends_generated.js 已更新

[3/5] 生成 index.html（build_v10.py）
=== 先跑 build_v9.py 生成基础 HTML ===
✅ 替换 CTR1_METHODS_T（8169 chars）
✅ 替换 CTR1_METHODS_V（10066 chars）
✅ 替换 CTR2_METHODS_T（9646 chars）
✅ 替换 CTR2_METHODS_V（10331 chars）
✅ 替换 CVR_METHODS_T（9738 chars）
✅ 替换 CVR_METHODS_V（8544 chars）
✅ 替换 PRICE_METHODS_T（8213 chars）
✅ 替换 PRICE_METHODS_V（8209 chars）
✅ 重写 Tab 标题:  '👆', '提升 CTR1：封面+标题钩子...
✅ 重写 Tab 标题:  '🔗', '提升 CTR2：商品卡点击'...
✅ 重写 Tab 标题:  '💰', '提升 CVR：转化下单'...
✅ 重写 Tab 标题: ,'💎', '提升件单价：客单优化'...
index.html written: 259,696 bytes
<style> 平衡：2/2
tab-panel 数量：8（预期 8）
panel ids: ['gpm', 'ctr1', 'ctr2', 'cvr', 'price', 'cat', 'audit', 'tools']
[V8e] 注入卖点助手 JS
[V8e] JS injected, new size: 213430
[V8f] header 时间窗动态化
[V8f] header → W38 · 08.24 - 09.20

=== V9 build 自检 ===
tab-panel 数量：8（预期 8）
V9 method-card 数量：40（预期 40，8 池 × 5 方法）
two-weapons-banner 数量：5（预期 4）
未替换的 V9 placeholder：0（预期 0）

✅ V9 build 完成，写入 /home/node/.openclaw/workspace/xushi-trends-cron/work/index.html (222,290 chars)

✅ getFormData 函数已补注入（V8/V9 丢失兜底）
✅ CAT_TRENDS 已从 cat_trends_generated.js 注入（自动生成，5026 字符）
✅ TITLE_FORMULAS 已从 backup 补注入（1074 字符）
✅ ctr1 Tab 注入 V10 section（hero 后）
✅ ctr2 Tab 注入 V10 section（hero 后）
✅ cvr Tab 注入 V10 section（hero 后）
✅ price Tab 注入 V10 section（hero 后）
✅ ctr1 Tab V9 老内容已折叠
✅ ctr2 Tab V9 老内容已折叠
✅ cvr Tab V9 老内容已折叠
✅ price Tab V9 老内容已折叠
✅ Tab1 行业 KPI 8 卡片合并为对照表
✅ Tab1 sticky 锚目录已添加
✅ 区块 anchor id 已添加（公式/行业参考/自查）
✅ 卖点助手 prompt 已替换为 V10 版本
✅ 业务术语已加 hover tooltip

=== V10 build 自检 ===
tab-panel 数量：7 + active=0
V10 section 数量：5（预期 4）
V10 high card 数量：15
V10 low card 数量：13
V10 mechanism 数量：5（预期 4）

✅ V10 build 完成，写入 /home/node/.openclaw/workspace/xushi-trends-cron/work/index.html (285,679 chars)
  自检关键函数...
    ✅ getFormData
    ✅ CAT_TRENDS
    ✅ buildPrompt
    ✅ TITLE_FORMULAS

[4/5] 配色周轮换
  第 39 周，主题色 #7c3aed
  ℹ️ 未找到 --theme-color 变量，跳过配色轮换

[5/5] git push
