===== V10 周更开始 2026-08-24 09:00:08 =====

[1/5] 拉取最新数据（fetch_data.py，P75 + 算法分门槛 Top 50）
[2026-08-24 09:00:08] 统计窗口：20260727 → 20260823
[2026-08-24 09:00:08] 算法分窗口：20260816 → 20260823
[2026-08-24 09:00:08] 发布时间窗口：≥ 2026-08-09
[2026-08-24 09:00:08] 提交 P75 SQL...
[2026-08-24 09:00:09] P75 msgId: 9edf78d0-655c-443c-9d88-525251f86016
[2026-08-24 09:00:09] 提交 Top 案例 V3 SQL（算法分门槛 + Top 50）...
[2026-08-24 09:00:12] Top 案例 msgId: 66fe220a-df40-4ee2-907d-3185aea957a1
[2026-08-24 09:00:12] 等待 P75 SQL 完成...
[2026-08-24 09:00:12]   ... 等待 P75 state=RUNNING msgId=9edf78d0-6
[2026-08-24 09:00:43]   ... 等待 P75 state=RUNNING msgId=9edf78d0-6
[2026-08-24 09:01:13]   ... 等待 P75 state=RUNNING msgId=9edf78d0-6
[2026-08-24 09:01:44]   ... 等待 P75 state=RUNNING msgId=9edf78d0-6
[2026-08-24 09:02:15]   ... 等待 P75 state=RUNNING msgId=9edf78d0-6
[2026-08-24 09:02:45]   ... 等待 P75 state=RUNNING msgId=9edf78d0-6
[2026-08-24 09:03:16]   ... 等待 P75 state=RUNNING msgId=9edf78d0-6
[2026-08-24 09:03:46]   ... 等待 P75 state=RUNNING msgId=9edf78d0-6
[2026-08-24 09:04:17]   ... 等待 P75 state=RUNNING msgId=9edf78d0-6
[2026-08-24 09:04:48]   ... 等待 P75 state=RUNNING msgId=9edf78d0-6
===== V10 周更开始 2026-08-24 09:05:15 =====

[1/5] 拉取最新数据（fetch_data.py，P75 + 算法分门槛 Top 50）
[2026-08-24 09:05:15] 统计窗口：20260727 → 20260823
[2026-08-24 09:05:15] 算法分窗口：20260816 → 20260823
[2026-08-24 09:05:15] 发布时间窗口：≥ 2026-08-09
[2026-08-24 09:05:15] 提交 P75 SQL...
[2026-08-24 09:05:17] P75 msgId: ad01e3e1-b1eb-4707-bb32-8634056d3f9a
[2026-08-24 09:05:17] 提交 Top 案例 V3 SQL（算法分门槛 + Top 50）...
[2026-08-24 09:05:19] Top 案例 msgId: f93e03ec-1a5c-46d6-9c39-5f9b2a05c048
[2026-08-24 09:05:19] 等待 P75 SQL 完成...
[2026-08-24 09:05:20]   ... 等待 P75 state=QUEUED msgId=ad01e3e1-b
[2026-08-24 09:05:50]   ... 等待 P75 state=QUEUED msgId=ad01e3e1-b
[2026-08-24 09:06:21]   ... 等待 P75 state=QUEUED msgId=ad01e3e1-b
[2026-08-24 09:06:51]   ... 等待 P75 state=QUEUED msgId=ad01e3e1-b
[2026-08-24 09:07:22]   ... 等待 P75 state=QUEUED msgId=ad01e3e1-b
[2026-08-24 09:07:52]   ... 等待 P75 state=QUEUED msgId=ad01e3e1-b
[2026-08-24 09:08:23]   ... 等待 P75 state=QUEUED msgId=ad01e3e1-b
[2026-08-24 09:08:54]   ... 等待 P75 state=QUEUED msgId=ad01e3e1-b
[2026-08-24 09:09:24]   ... 等待 P75 state=QUEUED msgId=ad01e3e1-b
[2026-08-24 09:09:55]   ... 等待 P75 state=QUEUED msgId=ad01e3e1-b
[2026-08-24 09:10:25]   ... 等待 P75 state=QUEUED msgId=ad01e3e1-b
[2026-08-24 09:10:56]   ... 等待 P75 state=QUEUED msgId=ad01e3e1-b
[2026-08-24 09:11:26]   ... 等待 P75 state=QUEUED msgId=ad01e3e1-b
[2026-08-24 09:11:57]   ... 等待 P75 state=QUEUED msgId=ad01e3e1-b
[2026-08-24 09:12:27]   ... 等待 P75 state=QUEUED msgId=ad01e3e1-b
[2026-08-24 09:12:58]   ... 等待 P75 state=QUEUED msgId=ad01e3e1-b
[2026-08-24 09:13:29]   ... 等待 P75 state=QUEUED msgId=ad01e3e1-b
[2026-08-24 09:13:59]   ... 等待 P75 state=QUEUED msgId=ad01e3e1-b
[2026-08-24 09:14:30]   ... 等待 P75 state=QUEUED msgId=ad01e3e1-b
[2026-08-24 09:15:01]   ... 等待 P75 state=QUEUED msgId=ad01e3e1-b
[2026-08-24 09:15:31]   ... 等待 P75 state=QUEUED msgId=ad01e3e1-b
[2026-08-24 09:16:02]   ... 等待 P75 state=QUEUED msgId=ad01e3e1-b
[2026-08-24 09:16:32]   ... 等待 P75 state=RUNNING msgId=ad01e3e1-b
[2026-08-24 09:17:03]   ... 等待 P75 state=RUNNING msgId=ad01e3e1-b
[2026-08-24 09:17:34] P75 结果 3728 字节
[2026-08-24 09:17:34] 等待 Top 案例 SQL 完成...
[2026-08-24 09:17:35]   ... 等待 TopCases state=RUNNING msgId=f93e03ec-1
[2026-08-24 09:18:05]   ... 等待 TopCases state=RUNNING msgId=f93e03ec-1
[2026-08-24 09:18:36]   ... 等待 TopCases state=RUNNING msgId=f93e03ec-1
[2026-08-24 09:19:06]   ... 等待 TopCases state=RUNNING msgId=f93e03ec-1
[2026-08-24 09:19:37]   ... 等待 TopCases state=RUNNING msgId=f93e03ec-1
[2026-08-24 09:20:08]   ... 等待 TopCases state=RUNNING msgId=f93e03ec-1
[2026-08-24 09:20:38]   ... 等待 TopCases state=RUNNING msgId=f93e03ec-1
[2026-08-24 09:21:09]   ... 等待 TopCases state=RUNNING msgId=f93e03ec-1
[2026-08-24 09:21:39]   ... 等待 TopCases state=RUNNING msgId=f93e03ec-1
[2026-08-24 09:22:10]   ... 等待 TopCases state=RUNNING msgId=f93e03ec-1
[2026-08-24 09:22:40]   ... 等待 TopCases state=RUNNING msgId=f93e03ec-1
[2026-08-24 09:23:11]   ... 等待 TopCases state=RUNNING msgId=f93e03ec-1
[2026-08-24 09:23:42]   ... 等待 TopCases state=RUNNING msgId=f93e03ec-1
[2026-08-24 09:24:12]   ... 等待 TopCases state=RUNNING msgId=f93e03ec-1
[2026-08-24 09:24:43]   ... 等待 TopCases state=RUNNING msgId=f93e03ec-1
[2026-08-24 09:25:14]   ... 等待 TopCases state=RUNNING msgId=f93e03ec-1
[2026-08-24 09:25:44]   ... 等待 TopCases state=RUNNING msgId=f93e03ec-1
[2026-08-24 09:26:15]   ... 等待 TopCases state=RUNNING msgId=f93e03ec-1
[2026-08-24 09:26:45]   ... 等待 TopCases state=RUNNING msgId=f93e03ec-1
[2026-08-24 09:27:16]   ... 等待 TopCases state=RUNNING msgId=f93e03ec-1
[2026-08-24 09:27:47]   ... 等待 TopCases state=RUNNING msgId=f93e03ec-1
[2026-08-24 09:28:17]   ... 等待 TopCases state=RUNNING msgId=f93e03ec-1
[2026-08-24 09:28:48]   ... 等待 TopCases state=RUNNING msgId=f93e03ec-1
[2026-08-24 09:29:18]   ... 等待 TopCases state=RUNNING msgId=f93e03ec-1
[2026-08-24 09:29:50] Top 案例结果 182903 字节
[2026-08-24 09:29:50] P75 行数：12
[2026-08-24 09:29:50] Top 案例行数：400
[2026-08-24 09:29:50] P75 解析完成
[2026-08-24 09:29:50]   CTR1: 图文 50 条 / 视频 50 条
[2026-08-24 09:29:50]   CTR2: 图文 50 条 / 视频 50 条
[2026-08-24 09:29:50]   CVR: 图文 50 条 / 视频 50 条
[2026-08-24 09:29:50]   PRICE: 图文 50 条 / 视频 50 条
[2026-08-24 09:29:50] data.json 写出完成：273983 字节
[2026-08-24 09:29:50] 休食 图文 CTR1 P75 = 9.9%
[2026-08-24 09:29:50] Top 案例总条数 = 400
[2026-08-24 09:29:50] DONE
  ✅ data.json 已刷新到 20260823（age=1d）

[2/5] 生成品类风向文案（gen_cat_trends.py）
[gen_cat_trends] 开始生成 CAT_TRENDS，数据源：/home/node/.openclaw/workspace/xushi-trends-cron/work/data.json
品类归拢结果：
  饮品: 73 条案例
  零食: 51 条案例
  滋补: 18 条案例
  速食: 5 条案例
  酒类: 3 条案例
  速食: 标题公式使用兜底（样本5条不足）
  酒类: 标题公式使用兜底（样本3条不足）
  滋补: 标题公式使用兜底（样本18条不足）
[gen_cat_trends] 写出：/home/node/.openclaw/workspace/xushi-trends-cron/work/cat_trends_generated.js (7750 bytes)
[gen_cat_trends] 品类数：5
  零食: 51条案例，真实提炼
  速食: 5条案例，真实提炼
  饮品: 73条案例，真实提炼
  酒类: 3条案例，真实提炼
  滋补: 18条案例，真实提炼

--- CAT_TRENDS 预览 ---

【零食】（51条样本，20260727 ~ 20260823）
  方向1：蛋黄酥收到是可以直接吃的哦」引发点击
  方向2：贵阳旅游丨一定要带走这罐五花肉脆哨啊」引发点击
  方向3：问句结构，激发好奇心点击
  公式1：「一个干面饼有多大碗面？张荣记全蛋面为例✨...」问句探索式
  公式2：「5分钟搞定‼️软乎乎早餐小饼🥞营养又好吃...」场景绑定式
  公式3：「一年只开工50天，这个月饼终于等到中秋了...」数字量化式
  代表案例：北京丽思卡尔顿中秋限定网球🥎小狮子月饼  (DarrenTang的店)

【速食】（5条样本，20260727 ~ 20260823）
  方向1：煮粥打豆浆，就选这个，性价比👍」引发点击
  方向2：夏季限定｜榴莲香草芒果燕麦片！售完无补」引发点击
  方向3：谁懂🥺我们家的差评都是因为太麻了……」引发点击
  公式1：「X 分钟搞定一顿饭」效率式
  公式2：「一个人也要好好吃饭」情感式
  公式3：「比外卖好吃还便宜」对比式
  代表案例：油鸡枞米线油鸡枞米粉  (云南幸福油鸡枞的店)

【饮品】（73条样本，20260727 ~ 20260823）
  方向1：JujulyCookie｜周末抹茶时刻 」引发点击
  方向2：新品真是very good 」引发点击
  方向3：新羊毛白茶来了」引发点击
  公式1：「方芳老师推荐的咖啡是哪个？...」问句探索式
  公式2：「抹茶控进🍵！加浓30%还减糖？这年糕绝了...」情绪共鸣式
  代表案例：阳春三月回归，谢谢白海豚  (利佰年老茶馆的店)

【酒类】（3条样本，20260727 ~ 20260823）
  方向1：买酒送的冻冻变色杯，只活了一晚就没了 😭」引发点击
  方向2：开瓶能喝3周！颠覆认知的高级莫斯卡托甜白」引发点击
  方向3：时隔3年让我无比心动的雷司令！太太满意了」引发点击
  公式1：「XX 场合必备的 XX」场景强绑定式
  公式2：「第一次喝酒就选 XX」破圈式
  公式3：「不懂酒也能喝对的 XX」降门槛式
  代表案例：开瓶能喝3周！颠覆认知的高级莫斯卡托甜白！  (HolidayWine假日酒馆的店)

【滋补】（18条样本，20260727 ~ 20260823）
  方向1：酸酸甜甜的蓝靛莓换蜂蜜啦」引发点击
  方向2：膏手必学｜内服保养的扛把子蜂蜜花粉膏」引发点击
  方向3：新疆日晒杏皮子，建议简单冲一下再吃😘」引发点击
  公式1：「坚持 XX 天的变化」时间线式
  公式2：「XX 岁开始养 XX」年龄段切入式
  公式3：「熬夜必备的 XX」人群精准式
  代表案例：酸酸甜甜的蓝靛莓换蜂蜜啦  (蜂丫头的蜜罐的店)
  ✅ cat_trends_generated.js 已更新

[3/5] 生成 index.html（build_v10.py）
=== 先跑 build_v9.py 生成基础 HTML ===
✅ 替换 CTR1_METHODS_T（8169 chars）
✅ 替换 CTR1_METHODS_V（10066 chars）
✅ 替换 CTR2_METHODS_T（9646 chars）
✅ 替换 CTR2_METHODS_V（10331 chars）
✅ 替换 CVR_METHODS_T（9738 chars）
✅ 替换 CVR_METHODS_V（8544 chars）
✅ 替换 PRICE_METHODS_T（8213 chars）
✅ 替换 PRICE_METHODS_V（8209 chars）
✅ 重写 Tab 标题:  '👆', '提升 CTR1：封面+标题钩子...
✅ 重写 Tab 标题:  '🔗', '提升 CTR2：商品卡点击'...
✅ 重写 Tab 标题:  '💰', '提升 CVR：转化下单'...
✅ 重写 Tab 标题: ,'💎', '提升件单价：客单优化'...
index.html written: 259,696 bytes
<style> 平衡：2/2
tab-panel 数量：8（预期 8）
panel ids: ['gpm', 'ctr1', 'ctr2', 'cvr', 'price', 'cat', 'audit', 'tools']
[V8e] 注入卖点助手 JS
[V8e] JS injected, new size: 213430
[V8f] header 时间窗动态化
[V8f] header → W34 · 07.27 - 08.23

=== V9 build 自检 ===
tab-panel 数量：8（预期 8）
V9 method-card 数量：40（预期 40，8 池 × 5 方法）
two-weapons-banner 数量：5（预期 4）
未替换的 V9 placeholder：0（预期 0）

✅ V9 build 完成，写入 /home/node/.openclaw/workspace/xushi-trends-cron/work/index.html (222,290 chars)

✅ getFormData 函数已补注入（V8/V9 丢失兜底）
✅ CAT_TRENDS 已从 cat_trends_generated.js 注入（自动生成，5086 字符）
✅ TITLE_FORMULAS 已从 backup 补注入（1074 字符）
✅ ctr1 Tab 注入 V10 section（hero 后）
✅ ctr2 Tab 注入 V10 section（hero 后）
✅ cvr Tab 注入 V10 section（hero 后）
✅ price Tab 注入 V10 section（hero 后）
✅ ctr1 Tab V9 老内容已折叠
✅ ctr2 Tab V9 老内容已折叠
✅ cvr Tab V9 老内容已折叠
✅ price Tab V9 老内容已折叠
✅ Tab1 行业 KPI 8 卡片合并为对照表
✅ Tab1 sticky 锚目录已添加
✅ 区块 anchor id 已添加（公式/行业参考/自查）
✅ 卖点助手 prompt 已替换为 V10 版本
✅ 业务术语已加 hover tooltip

=== V10 build 自检 ===
tab-panel 数量：7 + active=0
V10 section 数量：5（预期 4）
V10 high card 数量：15
V10 low card 数量：13
V10 mechanism 数量：5（预期 4）

✅ V10 build 完成，写入 /home/node/.openclaw/workspace/xushi-trends-cron/work/index.html (285,754 chars)
  自检关键函数...
    ✅ getFormData
    ✅ CAT_TRENDS
    ✅ buildPrompt
    ✅ TITLE_FORMULAS

[4/5] 配色周轮换
  第 35 周，主题色 #92400e
  ℹ️ 未找到 --theme-color 变量，跳过配色轮换

[5/5] git push
[main 0d0593e] V10 周更 2026-08-24（主题色 #92400e，第 35 周）
 7 files changed, 9673 insertions(+), 9435 deletions(-)
 create mode 100644 refresh_v10_20260824.log
To github.com:zhudamen528-code/xushi-trends.git
   8c5150a..0d0593e  main -> main
  ✅ push 完成

===== V10 周更完成 2026-08-24 09:29:55 =====
  线上：https://zhudamen528-code.github.io/xushi-trends/
